// Jest Snapshot v1, https://goo.gl/fbAQLP

exports[`Render Upload, matches snapshot 1`] = `
ShallowWrapper {
  "length": 1,
  Symbol(enzyme.__root__): [Circular],
  Symbol(enzyme.__unrendered__): <Connect(Upload) />,
  Symbol(enzyme.__renderer__): Object {
    "batchedUpdates": [Function],
    "getNode": [Function],
    "render": [Function],
    "simulateEvent": [Function],
    "unmount": [Function],
  },
  Symbol(enzyme.__node__): Object {
    "instance": null,
    "key": undefined,
    "nodeType": "class",
    "props": Object {
      "composer": undefined,
      "editor": undefined,
      "resetStatus": [Function],
      "resetUploadProgress": [Function],
      "resetUserRoutes": [Function],
      "setModal": [Function],
      "setUserRoutes": [Function],
      "submission": undefined,
      "uploadSubmission": [Function],
      "user": undefined,
    },
    "ref": null,
    "rendered": null,
    "type": [Function],
  },
  Symbol(enzyme.__nodes__): Array [
    Object {
      "instance": null,
      "key": undefined,
      "nodeType": "class",
      "props": Object {
        "composer": undefined,
        "editor": undefined,
        "resetStatus": [Function],
        "resetUploadProgress": [Function],
        "resetUserRoutes": [Function],
        "setModal": [Function],
        "setUserRoutes": [Function],
        "submission": undefined,
        "uploadSubmission": [Function],
        "user": undefined,
      },
      "ref": null,
      "rendered": null,
      "type": [Function],
    },
  ],
  Symbol(enzyme.__options__): Object {
    "adapter": ReactSixteenAdapter {
      "options": Object {
        "enableComponentDidUpdateOnSetState": true,
      },
    },
    "context": Object {
      "store": Object {
        "dispatch": [Function],
        "getAction": [Function],
        "getActions": [Function],
        "getState": [Function],
        "isActionDispatched": [Function],
        "isActionTypeDispatched": [Function],
        "subscribe": [Function],
      },
    },
  },
}
`;
