// Jest Snapshot v1, https://goo.gl/fbAQLP

exports[`Render Article, matches snapshot 1`] = `
ShallowWrapper {
  "length": 1,
  Symbol(enzyme.__root__): [Circular],
  Symbol(enzyme.__unrendered__): <Connect(Article) />,
  Symbol(enzyme.__renderer__): Object {
    "batchedUpdates": [Function],
    "getNode": [Function],
    "render": [Function],
    "simulateEvent": [Function],
    "unmount": [Function],
  },
  Symbol(enzyme.__node__): Object {
    "instance": null,
    "key": undefined,
    "nodeType": "class",
    "props": Object {
      "addSessionInfo": [Function],
      "article": undefined,
      "fetchArticlePage": [Function],
      "fetchListPage": [Function],
      "list": undefined,
      "setArticlePage": [Function],
      "user": undefined,
    },
    "ref": null,
    "rendered": null,
    "type": [Function],
  },
  Symbol(enzyme.__nodes__): Array [
    Object {
      "instance": null,
      "key": undefined,
      "nodeType": "class",
      "props": Object {
        "addSessionInfo": [Function],
        "article": undefined,
        "fetchArticlePage": [Function],
        "fetchListPage": [Function],
        "list": undefined,
        "setArticlePage": [Function],
        "user": undefined,
      },
      "ref": null,
      "rendered": null,
      "type": [Function],
    },
  ],
  Symbol(enzyme.__options__): Object {
    "adapter": ReactSixteenAdapter {
      "options": Object {
        "enableComponentDidUpdateOnSetState": true,
      },
    },
    "context": Object {
      "store": Object {
        "dispatch": [Function],
        "getAction": [Function],
        "getActions": [Function],
        "getState": [Function],
        "isActionDispatched": [Function],
        "isActionTypeDispatched": [Function],
        "subscribe": [Function],
      },
    },
  },
}
`;
