// Jest Snapshot v1, https://goo.gl/fbAQLP

exports[`Render Card, matches snapshot 1`] = `
ShallowWrapper {
  Symbol(enzyme.__root__): [Circular],
  Symbol(enzyme.__unrendered__): <PureComponent />,
  Symbol(enzyme.__renderer__): Object {
    "batchedUpdates": [Function],
    "checkPropTypes": [Function],
    "getNode": [Function],
    "render": [Function],
    "simulateError": [Function],
    "simulateEvent": [Function],
    "unmount": [Function],
  },
  Symbol(enzyme.__node__): Object {
    "instance": null,
    "key": undefined,
    "nodeType": "class",
    "props": Object {
      "children": Array [
        <WithTheme(Component)
          buttons={undefined}
          error={undefined}
          noStar={undefined}
          stubborn={undefined}
          title={undefined}
/>,
        <Unknown
          image={undefined}
          text={undefined}
/>,
        undefined,
        undefined,
        undefined,
      ],
      "id": undefined,
      "style": undefined,
    },
    "ref": null,
    "rendered": Array [
      Object {
        "instance": null,
        "key": undefined,
        "nodeType": "class",
        "props": Object {
          "buttons": undefined,
          "error": undefined,
          "noStar": undefined,
          "stubborn": undefined,
          "title": undefined,
        },
        "ref": null,
        "rendered": null,
        "type": [Function],
      },
      Object {
        "instance": null,
        "key": undefined,
        "nodeType": "function",
        "props": Object {
          "image": undefined,
          "text": undefined,
        },
        "ref": null,
        "rendered": null,
        "type": [Function],
      },
      undefined,
      undefined,
      undefined,
    ],
    "type": [Function],
  },
  Symbol(enzyme.__nodes__): Array [
    Object {
      "instance": null,
      "key": undefined,
      "nodeType": "class",
      "props": Object {
        "children": Array [
          <WithTheme(Component)
            buttons={undefined}
            error={undefined}
            noStar={undefined}
            stubborn={undefined}
            title={undefined}
/>,
          <Unknown
            image={undefined}
            text={undefined}
/>,
          undefined,
          undefined,
          undefined,
        ],
        "id": undefined,
        "style": undefined,
      },
      "ref": null,
      "rendered": Array [
        Object {
          "instance": null,
          "key": undefined,
          "nodeType": "class",
          "props": Object {
            "buttons": undefined,
            "error": undefined,
            "noStar": undefined,
            "stubborn": undefined,
            "title": undefined,
          },
          "ref": null,
          "rendered": null,
          "type": [Function],
        },
        Object {
          "instance": null,
          "key": undefined,
          "nodeType": "function",
          "props": Object {
            "image": undefined,
            "text": undefined,
          },
          "ref": null,
          "rendered": null,
          "type": [Function],
        },
        undefined,
        undefined,
        undefined,
      ],
      "type": [Function],
    },
  ],
  Symbol(enzyme.__options__): Object {
    "adapter": ReactSixteenAdapter {
      "options": Object {
        "enableComponentDidUpdateOnSetState": true,
        "legacyContextMode": "parent",
        "lifecycles": Object {
          "componentDidUpdate": Object {
            "onSetState": true,
          },
          "getChildContext": Object {
            "calledByRenderer": false,
          },
          "getDerivedStateFromError": true,
          "getDerivedStateFromProps": Object {
            "hasShouldComponentUpdateBug": false,
          },
          "getSnapshotBeforeUpdate": true,
          "setState": Object {
            "skipsComponentDidUpdateOnNullish": true,
          },
        },
      },
    },
  },
  Symbol(enzyme.__childContext__): null,
}
`;
