// Jest Snapshot v1, https://goo.gl/fbAQLP

exports[`Render Error, matches snapshot 1`] = `
ShallowWrapper {
  "length": 1,
  Symbol(enzyme.__root__): [Circular],
  Symbol(enzyme.__unrendered__): <Unknown />,
  Symbol(enzyme.__renderer__): Object {
    "batchedUpdates": [Function],
    "getNode": [Function],
    "render": [Function],
    "simulateEvent": [Function],
    "unmount": [Function],
  },
  Symbol(enzyme.__node__): Object {
    "instance": null,
    "key": undefined,
    "nodeType": "class",
    "props": Object {
      "children": Array [
        <Unknown
          metaTitle={undefined}
/>,
        <Unknown
          pageSubtitle={undefined}
          pageTitle={undefined}
          title={undefined}
/>,
        <styled.section>
          <p
                    style={
                              Object {
                                        "textAlign": "center",
                                      }
                    }
          />
          <Connect(Footer) />
</styled.section>,
      ],
    },
    "ref": null,
    "rendered": Array [
      Object {
        "instance": null,
        "key": undefined,
        "nodeType": "function",
        "props": Object {
          "metaTitle": undefined,
        },
        "ref": null,
        "rendered": null,
        "type": [Function],
      },
      Object {
        "instance": null,
        "key": undefined,
        "nodeType": "function",
        "props": Object {
          "pageSubtitle": undefined,
          "pageTitle": undefined,
          "title": undefined,
        },
        "ref": null,
        "rendered": null,
        "type": [Function],
      },
      Object {
        "instance": null,
        "key": undefined,
        "nodeType": "class",
        "props": Object {
          "children": Array [
            <p
              style={
                            Object {
                                          "textAlign": "center",
                                        }
              }
/>,
            <Connect(Footer) />,
          ],
        },
        "ref": null,
        "rendered": Array [
          Object {
            "instance": null,
            "key": undefined,
            "nodeType": "host",
            "props": Object {
              "children": undefined,
              "style": Object {
                "textAlign": "center",
              },
            },
            "ref": null,
            "rendered": null,
            "type": "p",
          },
          Object {
            "instance": null,
            "key": undefined,
            "nodeType": "class",
            "props": Object {},
            "ref": null,
            "rendered": null,
            "type": [Function],
          },
        ],
        "type": [Function],
      },
    ],
    "type": [Function],
  },
  Symbol(enzyme.__nodes__): Array [
    Object {
      "instance": null,
      "key": undefined,
      "nodeType": "class",
      "props": Object {
        "children": Array [
          <Unknown
            metaTitle={undefined}
/>,
          <Unknown
            pageSubtitle={undefined}
            pageTitle={undefined}
            title={undefined}
/>,
          <styled.section>
            <p
                        style={
                                    Object {
                                                "textAlign": "center",
                                              }
                        }
            />
            <Connect(Footer) />
</styled.section>,
        ],
      },
      "ref": null,
      "rendered": Array [
        Object {
          "instance": null,
          "key": undefined,
          "nodeType": "function",
          "props": Object {
            "metaTitle": undefined,
          },
          "ref": null,
          "rendered": null,
          "type": [Function],
        },
        Object {
          "instance": null,
          "key": undefined,
          "nodeType": "function",
          "props": Object {
            "pageSubtitle": undefined,
            "pageTitle": undefined,
            "title": undefined,
          },
          "ref": null,
          "rendered": null,
          "type": [Function],
        },
        Object {
          "instance": null,
          "key": undefined,
          "nodeType": "class",
          "props": Object {
            "children": Array [
              <p
                style={
                                Object {
                                                "textAlign": "center",
                                              }
                }
/>,
              <Connect(Footer) />,
            ],
          },
          "ref": null,
          "rendered": Array [
            Object {
              "instance": null,
              "key": undefined,
              "nodeType": "host",
              "props": Object {
                "children": undefined,
                "style": Object {
                  "textAlign": "center",
                },
              },
              "ref": null,
              "rendered": null,
              "type": "p",
            },
            Object {
              "instance": null,
              "key": undefined,
              "nodeType": "class",
              "props": Object {},
              "ref": null,
              "rendered": null,
              "type": [Function],
            },
          ],
          "type": [Function],
        },
      ],
      "type": [Function],
    },
  ],
  Symbol(enzyme.__options__): Object {
    "adapter": ReactSixteenAdapter {
      "options": Object {
        "enableComponentDidUpdateOnSetState": true,
      },
    },
  },
}
`;
